\BOOKMARK [1][]{section.1}{\376\377\000\040\116\000\060\001\225\356\230\230\221\315\217\360}{}% 1
\BOOKMARK [2][]{subsection.1.1}{\376\377\000\040\0001\000.\0001\000\040\163\260\133\236\200\314\146\157}{section.1}% 2
\BOOKMARK [2][]{subsection.1.2}{\376\377\000\040\0001\000.\0002\000\040\150\007\121\306\155\113\213\325\127\072\146\157\116\016\145\160\143\156}{section.1}% 3
\BOOKMARK [2][]{subsection.1.3}{\376\377\000\040\0001\000.\0003\000\040\124\004\225\356\230\230\166\204\220\073\217\221\121\163\174\373}{section.1}% 4
\BOOKMARK [1][]{section.2}{\376\377\000\040\116\214\060\001\152\041\127\213\127\372\147\054\120\107\213\276}{}% 5
\BOOKMARK [1][]{section.3}{\376\377\000\040\116\011\060\001\173\046\123\367\116\016\123\302\145\160\213\364\146\016}{}% 6
\BOOKMARK [1][]{section.4}{\376\377\000\040\126\333\060\001\127\060\164\006\172\172\225\364\163\257\130\203\116\016\145\160\143\156\230\204\131\004\164\006}{}% 7
\BOOKMARK [2][]{subsection.4.1}{\376\377\000\040\0004\000.\0001\000\040\202\202\160\271\142\323\142\121\116\016\232\330\172\013\150\005\150\074\150\070\232\214}{section.4}% 8
\BOOKMARK [2][]{subsection.4.2}{\376\377\000\040\0004\000.\0002\000\040\202\052\215\357\116\011\176\364\122\126\227\142\116\016\232\330\172\013\221\307\150\067}{section.4}% 9
\BOOKMARK [2][]{subsection.4.3}{\376\377\000\040\0004\000.\0003\000\040\215\047\173\261\134\136\140\047\116\016\133\214\145\164\140\047\133\241\213\241}{section.4}% 10
\BOOKMARK [1][]{section.5}{\376\377\000\040\116\224\060\001\225\356\230\230\116\000\377\032\123\125\160\271\137\200\217\324\217\320\217\223\200\375\122\233\116\016\215\047\173\261\176\304\142\171\117\030\123\026\152\041\127\213}{}% 11
\BOOKMARK [2][]{subsection.5.1}{\376\377\000\040\0005\000.\0001\000\040\202\052\153\265\230\336\210\114\122\126\227\142\116\016\200\375\200\027\152\041\127\213}{section.5}% 12
\BOOKMARK [3][]{subsubsection.5.1.1}{\376\377\000\040\0005\000.\0001\000.\0001\000\040\230\336\210\114\145\366\225\364}{subsection.5.1}% 13
\BOOKMARK [3][]{subsubsection.5.1.2}{\376\377\000\040\0005\000.\0001\000.\0002\000\040\217\175\203\167\040\024\173\111\145\110\202\052\172\013\166\204\000\040\0003\000/\0002\000\040\153\041\145\271\121\163\174\373}{subsection.5.1}% 14
\BOOKMARK [3][]{subsubsection.5.1.3}{\376\377\000\040\0005\000.\0001\000.\0003\000\040\154\064\136\163\135\341\202\052\200\375\200\027\166\204\150\007\133\232}{subsection.5.1}% 15
\BOOKMARK [3][]{subsubsection.5.1.4}{\376\377\000\040\0005\000.\0001\000.\0004\000\040\162\054\123\107\226\104\122\240\200\375\200\027\116\016\217\324\202\052\176\246\147\137}{subsection.5.1}% 16
\BOOKMARK [2][]{subsection.5.2}{\376\377\000\040\0005\000.\0002\000\040\147\000\131\047\133\211\121\150\217\175\203\167}{section.5}% 17
\BOOKMARK [3][]{subsubsection.5.2.1}{\376\377\000\040\0005\000.\0002\000.\0001\000\040\133\232\116\111}{subsection.5.2}% 18
\BOOKMARK [3][]{subsubsection.5.2.2}{\376\377\000\040\0005\000.\0002\000.\0002\000\040\116\214\122\006\154\102\211\343}{subsection.5.2}% 19
\BOOKMARK [3][]{subsubsection.5.2.3}{\376\377\000\040\0005\000.\0002\000.\0003\000\040\0001\0005\000x\0003\000\040\147\000\131\047\133\211\121\150\217\175\203\167\213\241\173\227\176\323\147\234}{subsection.5.2}% 20
\BOOKMARK [2][]{subsection.5.3}{\376\377\000\040\0005\000.\0003\000\040\215\047\173\261\176\304\142\171\377\032\226\306\124\010\122\022\122\006\152\041\127\213\116\016\162\266\140\001\123\213\177\051\154\102\211\343}{section.5}% 21
\BOOKMARK [3][]{subsubsection.5.3.1}{\376\377\000\040\0005\000.\0003\000.\0001\000\040\226\306\124\010\122\022\122\006\152\041\127\213}{subsection.5.3}% 22
\BOOKMARK [3][]{subsubsection.5.3.2}{\376\377\000\040\0005\000.\0003\000.\0002\000\040\120\031\220\011\147\266\153\041\165\037\142\020\116\016\162\266\140\001\123\213\177\051\122\250\140\001\211\304\122\022}{subsection.5.3}% 23
\BOOKMARK [2][]{subsection.5.4}{\376\377\000\040\0005\000.\0004\000\040\131\032\166\356\150\007\147\103\210\141}{section.5}% 24
\BOOKMARK [3][]{subsubsection.5.4.1}{\376\377\000\040\0005\000.\0004\000.\0001\000\040\116\011\171\315\116\343\210\150\140\047\173\126\165\145}{subsection.5.4}% 25
\BOOKMARK [3][]{subsubsection.5.4.2}{\376\377\000\040\0005\000.\0004\000.\0002\000\040\176\323\147\234\116\016\123\326\202\015}{subsection.5.4}% 26
\BOOKMARK [2][]{subsection.5.5}{\376\377\000\040\0005\000.\0005\000\040\143\250\203\120\145\271\150\110\146\016\176\306}{section.5}% 27
\BOOKMARK [3][]{subsubsection.5.5.1}{\376\377\000\040\0005\000.\0005\000.\0001\000\040\0001\0008\000\040\147\266\153\041\122\006\221\115\145\271\150\110}{subsection.5.5}% 28
\BOOKMARK [3][]{subsubsection.5.5.2}{\376\377\000\040\0005\000.\0005\000.\0002\000\040\147\015\122\241\123\072\154\107\140\073\116\016\165\065\221\317\150\070\232\214}{subsection.5.5}% 29
\BOOKMARK [2][]{subsection.5.6}{\376\377\000\040\0005\000.\0006\000\040\145\117\141\037\140\047\122\006\147\220}{section.5}% 30
\BOOKMARK [3][]{subsubsection.5.6.1}{\376\377\000\040\0005\000.\0006\000.\0001\000\040\217\324\202\052\133\211\121\150\117\131\221\317\000\040\000r\000h\000o\000\040\166\204\137\161\124\315}{subsection.5.6}% 31
\BOOKMARK [3][]{subsubsection.5.6.2}{\376\377\000\040\0005\000.\0006\000.\0002\000\040\154\064\136\163\200\375\200\027\150\007\133\232\174\373\145\160\000\040\000k\000a\000p\000p\000a\000\040\166\204\137\161\124\315}{subsection.5.6}% 32
\BOOKMARK [1][]{section.6}{\376\377\000\040\121\155\060\001\225\356\230\230\116\214\377\032\137\002\147\204\145\340\116\272\147\072\131\032\160\271\131\032\147\266\153\041\217\320\217\223\214\003\136\246\152\041\127\213\377\010\150\106\147\266\230\204\165\131\377\011}{}% 33
\BOOKMARK [2][]{subsection.6.1}{\376\377\000\040\0006\000.\0001\000\040\131\032\160\271\131\032\147\266\153\041\123\117\124\014\215\357\137\204\147\204\127\213\116\016\177\121\176\334\155\101\210\150\217\360}{section.6}% 34
\BOOKMARK [2][]{subsection.6.2}{\376\377\000\040\0006\000.\0002\000\040\122\250\122\233\165\065\154\140\116\044\226\066\153\265\227\136\176\277\140\047\173\111\145\110\121\105\165\065\152\041\127\213\116\016\124\150\217\154\176\246\147\137}{section.6}% 35
\BOOKMARK [2][]{subsection.6.3}{\376\377\000\040\0006\000.\0003\000\040\123\073\165\227\162\151\215\104\175\047\140\045\145\366\226\120\116\016\131\032\166\356\150\007\214\003\136\246\157\024\123\026\154\102\211\343}{section.6}% 36
\BOOKMARK [1][]{section.7}{\376\377\000\040\116\003\060\001\225\356\230\230\116\011\377\032\220\032\117\341\176\246\147\137\116\013\166\204\217\320\217\223\116\016\116\055\176\347\200\124\124\010\214\003\136\246\152\041\127\213\377\010\150\106\147\266\230\204\165\131\377\011}{}% 37
\BOOKMARK [2][]{subsection.7.1}{\376\377\000\040\0007\000.\0001\000\040\123\314\124\021\145\340\176\277\117\040\144\255\143\137\200\027\116\016\000\040\000D\000E\000M\000\040\211\306\176\277\220\156\143\041\377\010\000L\000O\000S\377\011\122\044\133\232\121\306\122\031}{section.7}% 38
\BOOKMARK [2][]{subsection.7.2}{\376\377\000\040\0007\000.\0002\000\040\172\172\116\055\116\055\176\347\145\340\116\272\147\072\140\254\120\134\220\011\127\100\116\016\200\375\200\027\145\366\136\217\200\046\124\010\147\072\164\006}{section.7}% 39
\BOOKMARK [2][]{subsection.7.3}{\376\377\000\040\0007\000.\0003\000\040\217\336\176\355\220\032\117\341\117\335\226\234\116\013\166\204\145\366\172\172\123\117\124\014\143\222\172\013\173\227\154\325}{section.7}% 40
\BOOKMARK [1][]{section.8}{\376\377\000\040\121\153\060\001\225\356\230\230\126\333\377\032\145\121\143\364\116\373\122\241\122\006\123\072\116\016\215\104\156\220\221\115\177\156\117\030\123\026\152\041\127\213\377\010\150\106\147\266\230\204\165\131\377\011}{}% 41
\BOOKMARK [2][]{subsection.8.1}{\376\377\000\040\0008\000.\0001\000\040\123\237\133\120\116\373\122\241\215\205\126\376\217\336\220\032\140\047\116\016\116\015\123\357\142\306\122\006\176\304\122\022\122\006}{section.8}% 42
\BOOKMARK [2][]{subsection.8.2}{\376\377\000\040\0008\000.\0002\000\040\116\373\122\241\176\304\162\354\172\313\142\147\210\114\116\013\166\204\134\360\120\074\136\166\123\321\215\104\156\220\150\070\173\227\173\227\154\325}{section.8}% 43
\BOOKMARK [2][]{subsection.8.3}{\376\377\000\040\0008\000.\0003\000\040\000K\000=\0002\000\040\116\016\000\040\000K\000=\0003\000\040\145\271\150\110\166\204\215\104\156\220\121\227\117\131\060\001\127\107\210\141\140\047\116\016\136\223\133\130\177\072\123\343\213\304\117\060}{section.8}% 44
\BOOKMARK [1][]{section.9}{\376\377\000\040\116\135\060\001\152\041\127\213\213\304\116\367\116\016\143\250\136\177}{}% 45
\BOOKMARK [2][]{subsection.9.1}{\376\377\000\040\0009\000.\0001\000\040\116\073\211\201\162\171\160\271}{section.9}% 46
\BOOKMARK [2][]{subsection.9.2}{\376\377\000\040\0009\000.\0002\000\040\134\100\226\120\116\016\220\002\165\050\147\141\116\366}{section.9}% 47
\BOOKMARK [2][]{subsection.9.3}{\376\377\000\040\0009\000.\0003\000\040\133\371\145\121\143\364\176\304\176\307\166\204\124\057\171\072}{section.9}% 48
\BOOKMARK [1][]{section*.11}{\376\377\123\302\200\003\145\207\163\056}{}% 49
